mount: mount point ./tmp does not exist
umount: ./tmp: not found
FATAL: Module md_mod not found.
启动 NFS 服务： [确定]
启动 NFS 守护进程：[失败]
启动 NFS 服务： [确定]
启动 NFS 守护进程：[失败]
mount.nfs: unrecognized mount point ./tmp
关闭 NFS mountd：[失败]
关闭 NFS 守护进程：[失败]
关闭 NFS 服务： [确定]
umount: ./tmp: not found
为 vsftpd 启动 vsftpd：[确定]
关闭 vsftpd：[确定]
sendmail: 未被识别的服务
smb: 未被识别的服务
tgtd: 未被识别的服务
testservice.sh: line 161: /usr/sbin/ypserv: 没有那个文件或目录
正在启动 ntpd：[确定]
关闭 ntpd：[确定]
testservice.sh: line 94: ./cmd/ksm05: cannot execute binary file
testservice.sh: line 98: ./cmd/fork12: cannot execute binary file
fs_test
testcasename			results
Type is ext2
记录了1+0 的读入
记录了1+0 的写出
104857600字节(105 MB)已复制，0.487755 秒，215 MB/秒
mke2fs 1.41.12 (17-May-2010)
/tmp/fstest is not a block special device.
无论如何也要继续? (y,n) 文件系统标签=
操作系统:Linux
块大小=1024 (log=0)
分块大小=1024 (log=0)
Stride=0 blocks, Stripe width=0 blocks
25688 inodes, 102400 blocks
5120 blocks (5.00%) reserved for the super user
第一个数据块=1
Maximum filesystem blocks=67371008
13 block groups
8192 blocks per group, 8192 fragments per group
1976 inodes per group
Superblock backups stored on blocks: 
	8193, 24577, 40961, 57345, 73729

正在写入inode表:  0/13 1/13 2/13 3/13 4/13 5/13 6/13 7/13 8/13 9/1310/1311/1312/13完成                            
Writing superblocks and filesystem accounting information: 完成

This filesystem will be automatically checked every 21 mounts or
180 days, whichever comes first.  Use tune2fs -c or -i to override.
0
ext2
Type is ext3
记录了1+0 的读入
记录了1+0 的写出
104857600字节(105 MB)已复制，0.214344 秒，489 MB/秒
mke2fs 1.41.12 (17-May-2010)
/tmp/fstest is not a block special device.
无论如何也要继续? (y,n) 文件系统标签=
操作系统:Linux
块大小=1024 (log=0)
分块大小=1024 (log=0)
Stride=0 blocks, Stripe width=0 blocks
25688 inodes, 102400 blocks
5120 blocks (5.00%) reserved for the super user
第一个数据块=1
Maximum filesystem blocks=67371008
13 block groups
8192 blocks per group, 8192 fragments per group
1976 inodes per group
Superblock backups stored on blocks: 
	8193, 24577, 40961, 57345, 73729

正在写入inode表:  0/13 1/13 2/13 3/13 4/13 5/13 6/13 7/13 8/13 9/1310/1311/1312/13完成                            
Creating journal (4096 blocks): 完成
Writing superblocks and filesystem accounting information: 完成

This filesystem will be automatically checked every 38 mounts or
180 days, whichever comes first.  Use tune2fs -c or -i to override.
0
ext3
testcasename			results
ext2
ext3
